[10:26:09.191] [INFO] storybook v10.2.8
[10:26:10.716] [DEBUG] Getting package.json info for C:/Users/peter/Documents/GitHub/nx-workspace/package.json...
[10:26:11.383] [ERROR] [38;2;241;97;97mSB_CORE-SERVER_0002 (CriticalPresetLoadError): Storybook failed to load the following preset: @storybook/angular/preset.

Please check whether your setup is correct, the Storybook dependencies (and their peer dependencies) are installed correctly and there are no package version clashes.

If you believe this is a bug, please open an issue on Github.

SB_CORE-SERVER_0002 (CriticalPresetLoadError): Storybook failed to load the following preset: C:/Users/peter/Documents/GitHub/nx-workspace/node_modules/@storybook/angular/dist/server/framework-preset-angular-cli.js.

Please check whether your setup is correct, the Storybook dependencies (and their peer dependencies) are installed correctly and there are no package version clashes.

If you believe this is a bug, please open an issue on Github.

Error: Cannot find module '@angular-devkit/build-angular/src/utils/webpack-browser-config'
Require stack:
- C:\Users\peter\Documents\GitHub\nx-workspace\node_modules\@storybook\angular\dist\server\framework-preset-angular-cli.js
    at Module._resolveFilename (node:internal/modules/cjs/loader:1369:15)
    at defaultResolveImpl (node:internal/modules/cjs/loader:1025:19)
    at resolveForCJSWithHooks (node:internal/modules/cjs/loader:1030:22)
    at Module._load (node:internal/modules/cjs/loader:1179:37)
    at TracingChannel.traceSync (node:diagnostics_channel:322:14)
    at wrapModuleLoad (node:internal/modules/cjs/loader:235:24)
    at Module.require (node:internal/modules/cjs/loader:1449:12)
    at require (node:internal/modules/helpers:135:16)
    at file:///C:/Users/peter/Documents/GitHub/nx-workspace/node_modules/@storybook/angular/dist/server/framework-preset-angular-cli.js:67:5
    at ModuleJob.run (node:internal/modules/esm/module_job:365:25)

More info: 

    at loadPreset (file:///C:/Users/peter/Documents/GitHub/nx-workspace/node_modules/storybook/dist/_node-chunks/chunk-WF46L34H.js:10081:13)
    at async Promise.all (index 0)
    at async loadPresets (file:///C:/Users/peter/Documents/GitHub/nx-workspace/node_modules/storybook/dist/_node-chunks/chunk-WF46L34H.js:10090:73)
    at async loadPreset (file:///C:/Users/peter/Documents/GitHub/nx-workspace/node_modules/storybook/dist/_node-chunks/chunk-WF46L34H.js:10064:12)
    at async Promise.all (index 0)
    at async loadPresets (file:///C:/Users/peter/Documents/GitHub/nx-workspace/node_modules/storybook/dist/_node-chunks/chunk-WF46L34H.js:10090:73)
    at async getPresets (file:///C:/Users/peter/Documents/GitHub/nx-workspace/node_modules/storybook/dist/_node-chunks/chunk-WF46L34H.js:10121:23)
    at async buildDevStandalone (file:///C:/Users/peter/Documents/GitHub/nx-workspace/node_modules/storybook/dist/core-server/index.js:7532:17)
    at async withTelemetry (file:///C:/Users/peter/Documents/GitHub/nx-workspace/node_modules/storybook/dist/_node-chunks/chunk-KIOKJLL5.js:218:12)
    at async dev (file:///C:/Users/peter/Documents/GitHub/nx-workspace/node_modules/storybook/dist/bin/core.js:2734:3)

More info: 
[39m
    at loadPreset (file:///C:/Users/peter/Documents/GitHub/nx-workspace/node_modules/storybook/dist/_node-chunks/chunk-WF46L34H.js:10081:13)
    at async Promise.all (index 0)
    at async loadPresets (file:///C:/Users/peter/Documents/GitHub/nx-workspace/node_modules/storybook/dist/_node-chunks/chunk-WF46L34H.js:10090:73)
    at async getPresets (file:///C:/Users/peter/Documents/GitHub/nx-workspace/node_modules/storybook/dist/_node-chunks/chunk-WF46L34H.js:10121:23)
    at async buildDevStandalone (file:///C:/Users/peter/Documents/GitHub/nx-workspace/node_modules/storybook/dist/core-server/index.js:7532:17)
    at async withTelemetry (file:///C:/Users/peter/Documents/GitHub/nx-workspace/node_modules/storybook/dist/_node-chunks/chunk-KIOKJLL5.js:218:12)
    at async dev (file:///C:/Users/peter/Documents/GitHub/nx-workspace/node_modules/storybook/dist/bin/core.js:2734:3)
    at async _Command.<anonymous> (file:///C:/Users/peter/Documents/GitHub/nx-workspace/node_modules/storybook/dist/bin/core.js:2803:92)
[10:26:11.389] [WARN] Broken build, fix the error above.
You may need to refresh the browser.
[10:26:11.394] [INFO] Storybook collects completely anonymous usage telemetry. We use it to shape Storybook's roadmap and prioritize features. You can learn more, including how to opt out, at https://storybook.js.org/telemetry